// Jest Snapshot v1, https://goo.gl/fbAQLP

exports[`Character component renders Character 1`] = `
<DocumentFragment>
  <figure>
    <a
      href="/detail/1234"
    >
      <img
        alt="Test"
        src="test.png"
      />
      <figcaption>
        Test
      </figcaption>
    </a>
  </figure>
</DocumentFragment>
`;
