// Jest Snapshot v1, https://goo.gl/fbAQLP

exports[`App component renders App 1`] = `
<DocumentFragment>
  <header
    class="header"
  >
    Avatar
    <div>
      <button
        class="links"
      >
        <a
          href="/"
          style="text-decoration: none;"
        >
          Home
        </a>
      </button>
    </div>
  </header>
  <div>
    <h1>
      Loading...
    </h1>
    <div>
      <button
        disabled=""
      >
        &lt;
      </button>
      <button>
        &gt;
      </button>
    </div>
  </div>
</DocumentFragment>
`;
