// Jest Snapshot v1, https://goo.gl/fbAQLP

exports[`Header component renders Header 1`] = `
<DocumentFragment>
  <header
    class="header"
  >
    Avatar
    <div>
      <button
        class="links"
      >
        <a
          href="/"
          style="text-decoration: none;"
        >
          Home
        </a>
      </button>
    </div>
  </header>
</DocumentFragment>
`;
